[2025-05-02 13:36:44] Botstart
[2025-05-02 13:36:52] Startguthaben geladen: 215.19 USDT
[2025-05-02 13:38:44] [ERGEBNIS] Gewinn/Verlust: +0.00 USDT (+0.00%)
[2025-05-02 13:40:33] Dry-Run aktiv: []
[2025-05-02 13:40:33] Keine geeigneten Coins gefunden.
[2025-05-02 13:41:33] [ERGEBNIS] Gewinn/Verlust: +0.00 USDT (+0.00%)
[2025-05-02 13:43:22] Dry-Run aktiv: []
[2025-05-02 13:43:22] Keine geeigneten Coins gefunden.
[2025-05-02 13:44:23] [ERGEBNIS] Gewinn/Verlust: +0.00 USDT (+0.00%)
[2025-05-02 13:46:07] Dry-Run aktiv: []
[2025-05-02 13:46:07] Keine geeigneten Coins gefunden.
[2025-05-02 13:47:07] [ERGEBNIS] Gewinn/Verlust: +0.00 USDT (+0.00%)
[2025-05-02 13:48:56] Dry-Run aktiv: []
[2025-05-02 13:48:56] Keine geeigneten Coins gefunden.
[2025-05-02 13:49:56] [ERGEBNIS] Gewinn/Verlust: +0.00 USDT (+0.00%)
[2025-05-02 13:51:47] Dry-Run aktiv: []
[2025-05-02 13:51:47] Keine geeigneten Coins gefunden.
[2025-05-02 13:52:47] [ERGEBNIS] Gewinn/Verlust: +0.00 USDT (+0.00%)
[2025-05-02 13:54:36] Dry-Run aktiv: []
[2025-05-02 13:54:36] Keine geeigneten Coins gefunden.
[2025-05-02 13:55:36] [ERGEBNIS] Gewinn/Verlust: +0.00 USDT (+0.00%)
[2025-05-02 13:57:25] Dry-Run aktiv: []
[2025-05-02 13:57:25] Keine geeigneten Coins gefunden.
[2025-05-02 13:58:26] [ERGEBNIS] Gewinn/Verlust: +0.00 USDT (+0.00%)
[2025-05-02 14:00:13] Dry-Run aktiv: []
[2025-05-02 14:00:13] Keine geeigneten Coins gefunden.
[2025-05-02 14:01:13] [ERGEBNIS] Gewinn/Verlust: +0.00 USDT (+0.00%)
[2025-05-02 14:03:03] Dry-Run aktiv: []
[2025-05-02 14:03:03] Keine geeigneten Coins gefunden.
[2025-05-02 14:04:03] [ERGEBNIS] Gewinn/Verlust: +0.00 USDT (+0.00%)
[2025-05-02 14:05:54] Dry-Run aktiv: []
[2025-05-02 14:05:54] Keine geeigneten Coins gefunden.
[2025-05-02 14:06:54] [ERGEBNIS] Gewinn/Verlust: +0.00 USDT (+0.00%)
[2025-05-02 14:08:44] Dry-Run aktiv: []
[2025-05-02 14:08:44] Keine geeigneten Coins gefunden.
[2025-05-02 14:09:44] [ERGEBNIS] Gewinn/Verlust: +0.00 USDT (+0.00%)
[2025-05-02 14:11:30] Dry-Run aktiv: []
[2025-05-02 14:11:30] Keine geeigneten Coins gefunden.
[2025-05-02 14:12:30] [ERGEBNIS] Gewinn/Verlust: +0.00 USDT (+0.00%)
[2025-05-02 14:14:18] Dry-Run aktiv: []
[2025-05-02 14:14:18] Keine geeigneten Coins gefunden.
[2025-05-02 14:15:18] [ERGEBNIS] Gewinn/Verlust: +0.00 USDT (+0.00%)
[2025-05-02 14:17:07] Dry-Run aktiv: []
[2025-05-02 14:17:07] Keine geeigneten Coins gefunden.
[2025-05-02 14:18:08] [ERGEBNIS] Gewinn/Verlust: +0.00 USDT (+0.00%)
[2025-05-02 14:19:57] Dry-Run aktiv: []
[2025-05-02 14:19:57] Keine geeigneten Coins gefunden.
[2025-05-02 14:20:57] [ERGEBNIS] Gewinn/Verlust: +0.00 USDT (+0.00%)
[2025-05-02 14:22:45] Dry-Run aktiv: []
[2025-05-02 14:22:45] Keine geeigneten Coins gefunden.
[2025-05-02 14:23:46] [ERGEBNIS] Gewinn/Verlust: +0.00 USDT (+0.00%)
[2025-05-02 14:25:33] Dry-Run aktiv: []
[2025-05-02 14:25:33] Keine geeigneten Coins gefunden.
[2025-05-02 14:26:34] [ERGEBNIS] Gewinn/Verlust: +0.00 USDT (+0.00%)
[2025-05-02 14:27:50] Botstart
[2025-05-02 14:27:57] Startguthaben geladen: 215.19 USDT
[2025-05-02 14:28:27] Dry-Run aktiv: []
[2025-05-02 14:28:27] Keine geeigneten Coins gefunden.
[2025-05-02 14:29:27] [ERGEBNIS] Gewinn/Verlust: +0.00 USDT (+0.00%)
[2025-05-02 14:29:40] [ERGEBNIS] Gewinn/Verlust: +0.00 USDT (+0.00%)
[2025-05-02 14:31:16] Dry-Run aktiv: []
[2025-05-02 14:31:16] Keine geeigneten Coins gefunden.
[2025-05-02 14:31:21] [CRASH] Hauptschleife abgestürzt: setup_grid() missing 1 required positional argument: 'entry_price'
[2025-05-02 14:32:16] [ERGEBNIS] Gewinn/Verlust: +0.00 USDT (+0.00%)
[2025-05-02 14:32:22] [ERGEBNIS] Gewinn/Verlust: +0.00 USDT (+0.00%)
[2025-05-02 14:33:59] Dry-Run aktiv: []
[2025-05-02 14:33:59] Keine geeigneten Coins gefunden.
[2025-05-02 14:34:02] [CRASH] Hauptschleife abgestürzt: setup_grid() missing 1 required positional argument: 'entry_price'
[2025-05-02 14:35:00] [ERGEBNIS] Gewinn/Verlust: +0.00 USDT (+0.00%)
[2025-05-02 14:35:03] [ERGEBNIS] Gewinn/Verlust: +0.00 USDT (+0.00%)
[2025-05-02 14:36:46] [CRASH] Hauptschleife abgestürzt: setup_grid() missing 1 required positional argument: 'entry_price'
[2025-05-02 14:36:52] Dry-Run aktiv: []
[2025-05-02 14:36:52] Keine geeigneten Coins gefunden.
[2025-05-02 14:37:46] [ERGEBNIS] Gewinn/Verlust: +0.00 USDT (+0.00%)
[2025-05-02 14:37:53] [ERGEBNIS] Gewinn/Verlust: +0.00 USDT (+0.00%)
[2025-05-02 14:39:31] [CRASH] Hauptschleife abgestürzt: setup_grid() missing 1 required positional argument: 'entry_price'
[2025-05-02 14:39:39] Dry-Run aktiv: []
[2025-05-02 14:39:39] Keine geeigneten Coins gefunden.
[2025-05-02 14:40:31] [ERGEBNIS] Gewinn/Verlust: +0.00 USDT (+0.00%)
[2025-05-02 14:40:39] [ERGEBNIS] Gewinn/Verlust: +0.00 USDT (+0.00%)
[2025-05-02 14:42:19] [CRASH] Hauptschleife abgestürzt: setup_grid() missing 1 required positional argument: 'entry_price'
[2025-05-02 14:42:23] Dry-Run aktiv: []
[2025-05-02 14:42:23] Keine geeigneten Coins gefunden.
[2025-05-02 14:43:20] [ERGEBNIS] Gewinn/Verlust: +0.00 USDT (+0.00%)
[2025-05-02 14:43:23] [ERGEBNIS] Gewinn/Verlust: +0.00 USDT (+0.00%)
[2025-05-02 14:45:08] Dry-Run aktiv: []
[2025-05-02 14:45:08] Keine geeigneten Coins gefunden.
[2025-05-02 14:45:22] [CRASH] Hauptschleife abgestürzt: setup_grid() missing 1 required positional argument: 'entry_price'
[2025-05-02 14:46:08] [ERGEBNIS] Gewinn/Verlust: +0.00 USDT (+0.00%)
[2025-05-02 14:46:22] [ERGEBNIS] Gewinn/Verlust: +0.00 USDT (+0.00%)
[2025-05-02 14:47:52] Dry-Run aktiv: []
[2025-05-02 14:47:52] Keine geeigneten Coins gefunden.
[2025-05-02 14:48:02] [CRASH] Hauptschleife abgestürzt: setup_grid() missing 1 required positional argument: 'entry_price'
[2025-05-02 14:48:52] [ERGEBNIS] Gewinn/Verlust: +0.00 USDT (+0.00%)
[2025-05-02 14:49:02] [ERGEBNIS] Gewinn/Verlust: +0.00 USDT (+0.00%)
[2025-05-02 14:50:35] Dry-Run aktiv: []
[2025-05-02 14:50:35] Keine geeigneten Coins gefunden.
[2025-05-02 14:50:42] [CRASH] Hauptschleife abgestürzt: setup_grid() missing 1 required positional argument: 'entry_price'
[2025-05-02 14:51:36] [ERGEBNIS] Gewinn/Verlust: +0.00 USDT (+0.00%)
[2025-05-02 14:51:42] [ERGEBNIS] Gewinn/Verlust: +0.00 USDT (+0.00%)
[2025-05-03 06:40:36] Botstart
[2025-05-03 06:40:47] Startguthaben geladen: 215.19 USDT
[2025-05-03 06:42:30] [ERGEBNIS] Gewinn/Verlust: +0.00 USDT (+0.00%)
[2025-05-03 06:44:16] [CRASH] Hauptschleife abgestürzt: setup_grid() missing 1 required positional argument: 'entry_price'
[2025-05-03 06:45:16] [ERGEBNIS] Gewinn/Verlust: +0.00 USDT (+0.00%)
[2025-05-03 06:47:03] [CRASH] Hauptschleife abgestürzt: setup_grid() missing 1 required positional argument: 'entry_price'
[2025-05-03 06:48:04] [ERGEBNIS] Gewinn/Verlust: +0.00 USDT (+0.00%)
[2025-05-03 06:49:47] [CRASH] Hauptschleife abgestürzt: setup_grid() missing 1 required positional argument: 'entry_price'
[2025-05-03 06:50:48] [ERGEBNIS] Gewinn/Verlust: +0.00 USDT (+0.00%)
[2025-05-03 06:52:31] [CRASH] Hauptschleife abgestürzt: setup_grid() missing 1 required positional argument: 'entry_price'
[2025-05-03 06:53:31] [ERGEBNIS] Gewinn/Verlust: +0.00 USDT (+0.00%)
[2025-05-03 06:55:22] [CRASH] Hauptschleife abgestürzt: setup_grid() missing 1 required positional argument: 'entry_price'
[2025-05-03 06:56:23] [ERGEBNIS] Gewinn/Verlust: +0.00 USDT (+0.00%)
[2025-05-03 06:58:07] [CRASH] Hauptschleife abgestürzt: setup_grid() missing 1 required positional argument: 'entry_price'
[2025-05-03 06:59:08] [ERGEBNIS] Gewinn/Verlust: +0.00 USDT (+0.00%)
[2025-05-03 07:00:55] [CRASH] Hauptschleife abgestürzt: setup_grid() missing 1 required positional argument: 'entry_price'
[2025-05-03 07:01:55] [ERGEBNIS] Gewinn/Verlust: +0.00 USDT (+0.00%)
[2025-05-03 07:03:40] [CRASH] Hauptschleife abgestürzt: setup_grid() missing 1 required positional argument: 'entry_price'
[2025-05-03 07:04:40] [ERGEBNIS] Gewinn/Verlust: +0.00 USDT (+0.00%)
[2025-05-03 07:06:27] [CRASH] Hauptschleife abgestürzt: setup_grid() missing 1 required positional argument: 'entry_price'
[2025-05-03 07:07:27] [ERGEBNIS] Gewinn/Verlust: +0.00 USDT (+0.00%)
[2025-05-03 07:09:13] [CRASH] Hauptschleife abgestürzt: setup_grid() missing 1 required positional argument: 'entry_price'
[2025-05-03 07:10:14] [ERGEBNIS] Gewinn/Verlust: +0.00 USDT (+0.00%)
